Archive member included to satisfy reference by file (symbol)

/Applications/STM32CubeIDE.app/Contents/Eclipse/plugins/com.st.stm32cube.ide.mcu.externaltools.gnu-tools-for-stm32.13.3.rel1.macos64_1.0.100.202509120712/tools/bin/../lib/gcc/arm-none-eabi/13.3.1/../../../../arm-none-eabi/lib/thumb/v7e-m+fp/hard/libc_nano.a(libc_a-exit.o)
                              /Applications/STM32CubeIDE.app/Contents/Eclipse/plugins/com.st.stm32cube.ide.mcu.externaltools.gnu-tools-for-stm32.13.3.rel1.macos64_1.0.100.202509120712/tools/bin/../lib/gcc/arm-none-eabi/13.3.1/../../../../arm-none-eabi/lib/thumb/v7e-m+fp/hard/crt0.o (exit)
/Applications/STM32CubeIDE.app/Contents/Eclipse/plugins/com.st.stm32cube.ide.mcu.externaltools.gnu-tools-for-stm32.13.3.rel1.macos64_1.0.100.202509120712/tools/bin/../lib/gcc/arm-none-eabi/13.3.1/../../../../arm-none-eabi/lib/thumb/v7e-m+fp/hard/libc_nano.a(libc_a-findfp.o)
                              /Applications/STM32CubeIDE.app/Contents/Eclipse/plugins/com.st.stm32cube.ide.mcu.externaltools.gnu-tools-for-stm32.13.3.rel1.macos64_1.0.100.202509120712/tools/bin/../lib/gcc/arm-none-eabi/13.3.1/../../../../arm-none-eabi/lib/thumb/v7e-m+fp/hard/libc_nano.a(libc_a-exit.o) (__stdio_exit_handler)
/Applications/STM32CubeIDE.app/Contents/Eclipse/plugins/com.st.stm32cube.ide.mcu.externaltools.gnu-tools-for-stm32.13.3.rel1.macos64_1.0.100.202509120712/tools/bin/../lib/gcc/arm-none-eabi/13.3.1/../../../../arm-none-eabi/lib/thumb/v7e-m+fp/hard/libc_nano.a(libc_a-fwalk.o)
                              /Applications/STM32CubeIDE.app/Contents/Eclipse/plugins/com.st.stm32cube.ide.mcu.externaltools.gnu-tools-for-stm32.13.3.rel1.macos64_1.0.100.202509120712/tools/bin/../lib/gcc/arm-none-eabi/13.3.1/../../../../arm-none-eabi/lib/thumb/v7e-m+fp/hard/libc_nano.a(libc_a-findfp.o) (_fwalk_sglue)
/Applications/STM32CubeIDE.app/Contents/Eclipse/plugins/com.st.stm32cube.ide.mcu.externaltools.gnu-tools-for-stm32.13.3.rel1.macos64_1.0.100.202509120712/tools/bin/../lib/gcc/arm-none-eabi/13.3.1/../../../../arm-none-eabi/lib/thumb/v7e-m+fp/hard/libc_nano.a(libc_a-memset.o)
                              /Applications/STM32CubeIDE.app/Contents/Eclipse/plugins/com.st.stm32cube.ide.mcu.externaltools.gnu-tools-for-stm32.13.3.rel1.macos64_1.0.100.202509120712/tools/bin/../lib/gcc/arm-none-eabi/13.3.1/../../../../arm-none-eabi/lib/thumb/v7e-m+fp/hard/crt0.o (memset)
/Applications/STM32CubeIDE.app/Contents/Eclipse/plugins/com.st.stm32cube.ide.mcu.externaltools.gnu-tools-for-stm32.13.3.rel1.macos64_1.0.100.202509120712/tools/bin/../lib/gcc/arm-none-eabi/13.3.1/../../../../arm-none-eabi/lib/thumb/v7e-m+fp/hard/libc_nano.a(libc_a-errno.o)
                              ./Core/Src/syscalls.o (__errno)
/Applications/STM32CubeIDE.app/Contents/Eclipse/plugins/com.st.stm32cube.ide.mcu.externaltools.gnu-tools-for-stm32.13.3.rel1.macos64_1.0.100.202509120712/tools/bin/../lib/gcc/arm-none-eabi/13.3.1/../../../../arm-none-eabi/lib/thumb/v7e-m+fp/hard/libc_nano.a(libc_a-init.o)
                              /Applications/STM32CubeIDE.app/Contents/Eclipse/plugins/com.st.stm32cube.ide.mcu.externaltools.gnu-tools-for-stm32.13.3.rel1.macos64_1.0.100.202509120712/tools/bin/../lib/gcc/arm-none-eabi/13.3.1/../../../../arm-none-eabi/lib/thumb/v7e-m+fp/hard/crt0.o (__libc_init_array)
/Applications/STM32CubeIDE.app/Contents/Eclipse/plugins/com.st.stm32cube.ide.mcu.externaltools.gnu-tools-for-stm32.13.3.rel1.macos64_1.0.100.202509120712/tools/bin/../lib/gcc/arm-none-eabi/13.3.1/../../../../arm-none-eabi/lib/thumb/v7e-m+fp/hard/libc_nano.a(libc_a-lock.o)
                              /Applications/STM32CubeIDE.app/Contents/Eclipse/plugins/com.st.stm32cube.ide.mcu.externaltools.gnu-tools-for-stm32.13.3.rel1.macos64_1.0.100.202509120712/tools/bin/../lib/gcc/arm-none-eabi/13.3.1/../../../../arm-none-eabi/lib/thumb/v7e-m+fp/hard/libc_nano.a(libc_a-findfp.o) (__retarget_lock_init_recursive)
/Applications/STM32CubeIDE.app/Contents/Eclipse/plugins/com.st.stm32cube.ide.mcu.externaltools.gnu-tools-for-stm32.13.3.rel1.macos64_1.0.100.202509120712/tools/bin/../lib/gcc/arm-none-eabi/13.3.1/../../../../arm-none-eabi/lib/thumb/v7e-m+fp/hard/libc_nano.a(libc_a-impure.o)
                              /Applications/STM32CubeIDE.app/Contents/Eclipse/plugins/com.st.stm32cube.ide.mcu.externaltools.gnu-tools-for-stm32.13.3.rel1.macos64_1.0.100.202509120712/tools/bin/../lib/gcc/arm-none-eabi/13.3.1/../../../../arm-none-eabi/lib/thumb/v7e-m+fp/hard/libc_nano.a(libc_a-errno.o) (_impure_ptr)
/Applications/STM32CubeIDE.app/Contents/Eclipse/plugins/com.st.stm32cube.ide.mcu.externaltools.gnu-tools-for-stm32.13.3.rel1.macos64_1.0.100.202509120712/tools/bin/../lib/gcc/arm-none-eabi/13.3.1/../../../../arm-none-eabi/lib/thumb/v7e-m+fp/hard/libc_nano.a(libc_a-mallocr.o)
[...]
Memory Configuration

Name             Origin             Length             Attributes
CCMRAM           0x10000000         0x00004000         xrw
RAM              0x20000000         0x00010000         xrw
FLASH            0x08000000         0x00080000         xr
*default*        0x00000000         0xffffffff

Linker script and memory map

LOAD /Applications/STM32CubeIDE.app/Contents/Eclipse/plugins/com.st.stm32cube.ide.mcu.externaltools.gnu-tools-for-stm32.13.3.rel1.macos64_1.0.100.202509120712/tools/bin/../lib/gcc/arm-none-eabi/13.3.1/thumb/v7e-m+fp/hard/crti.o
LOAD /Applications/STM32CubeIDE.app/Contents/Eclipse/plugins/com.st.stm32cube.ide.mcu.externaltools.gnu-tools-for-stm32.13.3.rel1.macos64_1.0.100.202509120712/tools/bin/../lib/gcc/arm-none-eabi/13.3.1/thumb/v7e-m+fp/hard/crtbegin.o
LOAD /Applications/STM32CubeIDE.app/Contents/Eclipse/plugins/com.st.stm32cube.ide.mcu.externaltools.gnu-tools-for-stm32.13.3.rel1.macos64_1.0.100.202509120712/tools/bin/../lib/gcc/arm-none-eabi/13.3.1/../../../../arm-none-eabi/lib/thumb/v7e-m+fp/hard/crt0.o
LOAD ./Core/Src/main.o
LOAD ./Core/Src/stm32f3xx_hal_msp.o
LOAD ./Core/Src/stm32f3xx_it.o
LOAD ./Core/Src/syscalls.o
LOAD ./Core/Src/sysmem.o
LOAD ./Core/Src/system_stm32f3xx.o
LOAD ./Core/Startup/startup_stm32f303retx.o
LOAD ./Drivers/STM32F3xx_HAL_Driver/Src/stm32f3xx_hal.o
LOAD ./Drivers/STM32F3xx_HAL_Driver/Src/stm32f3xx_hal_cortex.o
LOAD ./Drivers/STM32F3xx_HAL_Driver/Src/stm32f3xx_hal_dma.o
LOAD ./Drivers/STM32F3xx_HAL_Driver/Src/stm32f3xx_hal_exti.o
LOAD ./Drivers/STM32F3xx_HAL_Driver/Src/stm32f3xx_hal_flash.o
LOAD ./Drivers/STM32F3xx_HAL_Driver/Src/stm32f3xx_hal_flash_ex.o
LOAD ./Drivers/STM32F3xx_HAL_Driver/Src/stm32f3xx_hal_gpio.o
LOAD ./Drivers/STM32F3xx_HAL_Driver/Src/stm32f3xx_hal_i2c.o
LOAD ./Drivers/STM32F3xx_HAL_Driver/Src/stm32f3xx_hal_i2c_ex.o
LOAD ./Drivers/STM32F3xx_HAL_Driver/Src/stm32f3xx_hal_pwr.o
LOAD ./Drivers/STM32F3xx_HAL_Driver/Src/stm32f3xx_hal_pwr_ex.o
LOAD ./Drivers/STM32F3xx_HAL_Driver/Src/stm32f3xx_hal_rcc.o
LOAD ./Drivers/STM32F3xx_HAL_Driver/Src/stm32f3xx_hal_rcc_ex.o
LOAD ./Drivers/STM32F3xx_HAL_Driver/Src/stm32f3xx_hal_spi.o
LOAD ./Drivers/STM32F3xx_HAL_Driver/Src/stm32f3xx_hal_spi_ex.o
START GROUP
LOAD /Applications/STM32CubeIDE.app/Contents/Eclipse/plugins/com.st.stm32cube.ide.mcu.externaltools.gnu-tools-for-stm32.13.3.rel1.macos64_1.0.100.202509120712/tools/bin/../lib/gcc/arm-none-eabi/13.3.1/../../../../arm-none-eabi/lib/thumb/v7e-m+fp/hard/libc_nano.a
LOAD /Applications/STM32CubeIDE.app/Contents/Eclipse/plugins/com.st.stm32cube.ide.mcu.externaltools.gnu-tools-for-stm32.13.3.rel1.macos64_1.0.100.202509120712/tools/bin/../lib/gcc/arm-none-eabi/13.3.1/../../../../arm-none-eabi/lib/thumb/v7e-m+fp/hard/libm.a
END GROUP
START GROUP
LOAD /Applications/STM32CubeIDE.app/Contents/Eclipse/plugins/com.st.stm32cube.ide.mcu.externaltools.gnu-tools-for-stm32.13.3.rel1.macos64_1.0.100.202509120712/tools/bin/../lib/gcc/arm-none-eabi/13.3.1/thumb/v7e-m+fp/hard/libgcc.a
LOAD /Applications/STM32CubeIDE.app/Contents/Eclipse/plugins/com.st.stm32cube.ide.mcu.externaltools.gnu-tools-for-stm32.13.3.rel1.macos64_1.0.100.202509120712/tools/bin/../lib/gcc/arm-none-eabi/13.3.1/../../../../arm-none-eabi/lib/thumb/v7e-m+fp/hard/libc_nano.a
END GROUP
START GROUP
LOAD /Applications/STM32CubeIDE.app/Contents/Eclipse/plugins/com.st.stm32cube.ide.mcu.externaltools.gnu-tools-for-stm32.13.3.rel1.macos64_1.0.100.202509120712/tools/bin/../lib/gcc/arm-none-eabi/13.3.1/thumb/v7e-m+fp/hard/libgcc.a
LOAD /Applications/STM32CubeIDE.app/Contents/Eclipse/plugins/com.st.stm32cube.ide.mcu.externaltools.gnu-tools-for-stm32.13.3.rel1.macos64_1.0.100.202509120712/tools/bin/../lib/gcc/arm-none-eabi/13.3.1/../../../../arm-none-eabi/lib/thumb/v7e-m+fp/hard/libc_nano.a
LOAD /Applications/STM32CubeIDE.app/Contents/Eclipse/plugins/com.st.stm32cube.ide.mcu.externaltools.gnu-tools-for-stm32.13.3.rel1.macos64_1.0.100.202509120712/tools/bin/../lib/gcc/arm-none-eabi/13.3.1/../../../../arm-none-eabi/lib/thumb/v7e-m+fp/hard/libnosys.a
END GROUP
START GROUP
LOAD /Applications/STM32CubeIDE.app/Contents/Eclipse/plugins/com.st.stm32cube.ide.mcu.externaltools.gnu-tools-for-stm32.13.3.rel1.macos64_1.0.100.202509120712/tools/bin/../lib/gcc/arm-none-eabi/13.3.1/thumb/v7e-m+fp/hard/libgcc.a
LOAD /Applications/STM32CubeIDE.app/Contents/Eclipse/plugins/com.st.stm32cube.ide.mcu.externaltools.gnu-tools-for-stm32.13.3.rel1.macos64_1.0.100.202509120712/tools/bin/../lib/gcc/arm-none-eabi/13.3.1/../../../../arm-none-eabi/lib/thumb/v7e-m+fp/hard/libc_nano.a
LOAD /Applications/STM32CubeIDE.app/Contents/Eclipse/plugins/com.st.stm32cube.ide.mcu.externaltools.gnu-tools-for-stm32.13.3.rel1.macos64_1.0.100.202509120712/tools/bin/../lib/gcc/arm-none-eabi/13.3.1/../../../../arm-none-eabi/lib/thumb/v7e-m+fp/hard/libnosys.a
END GROUP
LOAD /Applications/STM32CubeIDE.app/Contents/Eclipse/plugins/com.st.stm32cube.ide.mcu.externaltools.gnu-tools-for-stm32.13.3.rel1.macos64_1.0.100.202509120712/tools/bin/../lib/gcc/arm-none-eabi/13.3.1/thumb/v7e-m+fp/hard/crtend.o
LOAD /Applications/STM32CubeIDE.app/Contents/Eclipse/plugins/com.st.stm32cube.ide.mcu.externaltools.gnu-tools-for-stm32.13.3.rel1.macos64_1.0.100.202509120712/tools/bin/../lib/gcc/arm-none-eabi/13.3.1/thumb/v7e-m+fp/hard/crtn.o
                0x20010000                        _estack = (ORIGIN (RAM) + LENGTH (RAM))
                0x00000200                        _Min_Heap_Size = 0x200
                0x00000400                        _Min_Stack_Size = 0x400

.isr_vector     0x08000000      0x194
                0x08000000                        . = ALIGN (0x4)
 *(.isr_vector)
 .isr_vector    0x08000000      0x194 ./Core/Startup/startup_stm32f303retx.o
                0x08000000                g_pfnVectors
                0x08000194                        . = ALIGN (0x4)

.text           0x08000194     0x2150
                0x08000194                        . = ALIGN (0x4)
 *(.text)
 .text          0x08000194       0x40 /Applications/STM32CubeIDE.app/Contents/Eclipse/plugins/com.st.stm32cube.ide.mcu.externaltools.gnu-tools-for-stm32.13.3.rel1.macos64_1.0.100.202509120712/tools/bin/../lib/gcc/arm-none-eabi/13.3.1/thumb/v7e-m+fp/hard/crtbegin.o
 *(.text*)
 .text.main     0x080001d4       0x56 ./Core/Src/main.o
                0x080001d4                main
 .text.SystemClock_Config
                0x0800022a       0x88 ./Core/Src/main.o
                0x0800022a                SystemClock_Config
 *fill*         0x080002b2        0x2 
 .text.MX_SPI1_Init
                0x080002b4       0x7c ./Core/Src/main.o
 .text.MX_SPI2_Init
                0x08000330       0x7c ./Core/Src/main.o
 .text.MX_GPIO_Init
                0x080003ac       0xe0 ./Core/Src/main.o
 .text.storage_init
                0x0800048c       0x10 ./Core/Src/main.o
                0x0800048c                storage_init
 .text.sensor_init
                0x0800049c       0x10 ./Core/Src/main.o
                0x0800049c                sensor_init
 .text.storage_error
                0x080004ac       0x16 ./Core/Src/main.o
                0x080004ac                storage_error
 *fill*         0x080004c2        0x2 
 .text.Error_Handler
                0x080004c4       0x34 ./Core/Src/main.o
                0x080004c4                Error_Handler
 .text.HAL_MspInit
                0x080004f8       0x48 ./Core/Src/stm32f3xx_hal_msp.o
                0x080004f8                HAL_MspInit
 .text.HAL_SPI_MspInit
                0x08000540      0x128 ./Core/Src/stm32f3xx_hal_msp.o
                0x08000540                HAL_SPI_MspInit
 .text.NMI_Handler
                0x08000668        0x8 ./Core/Src/stm32f3xx_it.o
                0x08000668                NMI_Handler
 .text.HardFault_Handler
                0x08000670        0x8 ./Core/Src/stm32f3xx_it.o
                0x08000670                HardFault_Handler
 .text.MemManage_Handler
                0x08000678        0x8 ./Core/Src/stm32f3xx_it.o
                0x08000678                MemManage_Handler
 .text.BusFault_Handler
                0x08000680        0x8 ./Core/Src/stm32f3xx_it.o
                0x08000680                BusFault_Handler
 .text.UsageFault_Handler
                0x08000688        0x8 ./Core/Src/stm32f3xx_it.o
                0x08000688                UsageFault_Handler
 .text.SVC_Handler
                0x08000690        0xe ./Core/Src/stm32f3xx_it.o
                0x08000690                SVC_Handler
 .text.DebugMon_Handler
                0x0800069e        0xe ./Core/Src/stm32f3xx_it.o
                0x0800069e                DebugMon_Handler
 .text.PendSV_Handler
                0x080006ac        0xe ./Core/Src/stm32f3xx_it.o
                0x080006ac                PendSV_Handler
 .text.SysTick_Handler
                0x080006ba        0xc ./Core/Src/stm32f3xx_it.o
                0x080006ba                SysTick_Handler
 *fill*         0x080006c6        0x2 
 .text.SystemInit
                0x080006c8       0x24 ./Core/Src/system_stm32f3xx.o
                0x080006c8                SystemInit
 .text.Reset_Handler
                0x080006ec       0x50 ./Core/Startup/startup_stm32f303retx.o
                0x080006ec                Reset_Handler
 .text.Default_Handler
                0x0800073c        0x2 ./Core/Startup/startup_stm32f303retx.o
                0x0800073c                TIM1_BRK_TIM15_IRQHandler
                0x0800073c                TIM8_TRG_COM_IRQHandler
                0x0800073c                TIM8_CC_IRQHandler
                0x0800073c                SPI4_IRQHandler
                0x0800073c                TIM1_CC_IRQHandler
                0x0800073c                USB_HP_IRQHandler
                0x0800073c                PVD_IRQHandler
                0x0800073c                TAMP_STAMP_IRQHandler
                0x0800073c                EXTI3_IRQHandler
                0x0800073c                I2C3_ER_IRQHandler
                0x0800073c                USB_HP_CAN_TX_IRQHandler
                0x0800073c                EXTI0_IRQHandler
                0x0800073c                I2C2_EV_IRQHandler
                0x0800073c                FPU_IRQHandler
                0x0800073c                TIM1_UP_TIM16_IRQHandler
                0x0800073c                ADC1_2_IRQHandler
                0x0800073c                SPI1_IRQHandler
                0x0800073c                CAN_SCE_IRQHandler
                0x0800073c                TIM6_DAC_IRQHandler
                0x0800073c                TIM8_UP_IRQHandler
                0x0800073c                DMA2_Channel2_IRQHandler
                0x0800073c                DMA1_Channel4_IRQHandler
                0x0800073c                TIM20_TRG_COM_IRQHandler
                0x0800073c                USART3_IRQHandler
                0x0800073c                DMA1_Channel7_IRQHandler
                0x0800073c                UART5_IRQHandler
                0x0800073c                ADC3_IRQHandler
                0x0800073c                TIM4_IRQHandler
                0x0800073c                CAN_RX1_IRQHandler
                0x0800073c                DMA2_Channel1_IRQHandler
                0x0800073c                I2C1_EV_IRQHandler
                0x0800073c                DMA1_Channel6_IRQHandler
                0x0800073c                UART4_IRQHandler
                0x0800073c                DMA2_Channel4_IRQHandler
                0x0800073c                TIM3_IRQHandler
                0x0800073c                RCC_IRQHandler
                0x0800073c                TIM20_UP_IRQHandler
                0x0800073c                DMA1_Channel1_IRQHandler
                0x0800073c                Default_Handler
                0x0800073c                USBWakeUp_RMP_IRQHandler
                0x0800073c                EXTI15_10_IRQHandler
                0x0800073c                TIM7_IRQHandler
                0x0800073c                I2C3_EV_IRQHandler
                0x0800073c                EXTI9_5_IRQHandler
                0x0800073c                RTC_WKUP_IRQHandler
                0x0800073c                SPI2_IRQHandler
                0x0800073c                USB_LP_CAN_RX0_IRQHandler
                0x0800073c                DMA2_Channel5_IRQHandler
                0x0800073c                DMA1_Channel5_IRQHandler
                0x0800073c                USB_LP_IRQHandler
                0x0800073c                EXTI4_IRQHandler
                0x0800073c                TIM1_TRG_COM_TIM17_IRQHandler
                0x0800073c                DMA1_Channel3_IRQHandler
                0x0800073c                ADC4_IRQHandler
                0x0800073c                WWDG_IRQHandler
                0x0800073c                TIM2_IRQHandler
                0x0800073c                COMP7_IRQHandler
                0x0800073c                COMP1_2_3_IRQHandler
                0x0800073c                EXTI1_IRQHandler
                0x0800073c                USART2_IRQHandler
                0x0800073c                COMP4_5_6_IRQHandler
                0x0800073c                TIM20_BRK_IRQHandler
                0x0800073c                I2C2_ER_IRQHandler
                0x0800073c                DMA1_Channel2_IRQHandler
                0x0800073c                TIM8_BRK_IRQHandler
                0x0800073c                FLASH_IRQHandler
                0x0800073c                TIM20_CC_IRQHandler
                0x0800073c                USART1_IRQHandler
                0x0800073c                SPI3_IRQHandler
                0x0800073c                I2C1_ER_IRQHandler
                0x0800073c                FMC_IRQHandler
                0x0800073c                USBWakeUp_IRQHandler
                0x0800073c                DMA2_Channel3_IRQHandler
                0x0800073c                EXTI2_TSC_IRQHandler
                0x0800073c                RTC_Alarm_IRQHandler
 *fill*         0x0800073e        0x2 
 .text.HAL_Init
                0x08000740       0x2c ./Drivers/STM32F3xx_HAL_Driver/Src/stm32f3xx_hal.o
                0x08000740                HAL_Init
 .text.HAL_InitTick
                0x0800076c       0x60 ./Drivers/STM32F3xx_HAL_Driver/Src/stm32f3xx_hal.o
                0x0800076c                HAL_InitTick
 .text.HAL_IncTick
                0x080007cc       0x28 ./Drivers/STM32F3xx_HAL_Driver/Src/stm32f3xx_hal.o
                0x080007cc                HAL_IncTick
 .text.HAL_GetTick
                0x080007f4       0x18 ./Drivers/STM32F3xx_HAL_Driver/Src/stm32f3xx_hal.o
                0x080007f4                HAL_GetTick
 .text.__NVIC_SetPriorityGrouping
                0x0800080c       0x48 ./Drivers/STM32F3xx_HAL_Driver/Src/stm32f3xx_hal_cortex.o
 .text.__NVIC_GetPriorityGrouping
                0x08000854       0x1c ./Drivers/STM32F3xx_HAL_Driver/Src/stm32f3xx_hal_cortex.o
 .text.__NVIC_SetPriority
                0x08000870       0x54 ./Drivers/STM32F3xx_HAL_Driver/Src/stm32f3xx_hal_cortex.o
 .text.NVIC_EncodePriority
                0x080008c4       0x66 ./Drivers/STM32F3xx_HAL_Driver/Src/stm32f3xx_hal_cortex.o
 *fill*         0x0800092a        0x2 
 .text.SysTick_Config
                0x0800092c       0x44 ./Drivers/STM32F3xx_HAL_Driver/Src/stm32f3xx_hal_cortex.o
 .text.HAL_NVIC_SetPriorityGrouping
                0x08000970       0x16 ./Drivers/STM32F3xx_HAL_Driver/Src/stm32f3xx_hal_cortex.o
                0x08000970                HAL_NVIC_SetPriorityGrouping
 .text.HAL_NVIC_SetPriority
                0x08000986       0x38 ./Drivers/STM32F3xx_HAL_Driver/Src/stm32f3xx_hal_cortex.o
                0x08000986                HAL_NVIC_SetPriority
 .text.HAL_SYSTICK_Config
                0x080009be       0x18 ./Drivers/STM32F3xx_HAL_Driver/Src/stm32f3xx_hal_cortex.o
                0x080009be                HAL_SYSTICK_Config
 *fill*         0x080009d6        0x2 
 .text.HAL_GPIO_Init
                0x080009d8      0x314 ./Drivers/STM32F3xx_HAL_Driver/Src/stm32f3xx_hal_gpio.o
                0x080009d8                HAL_GPIO_Init
 .text.HAL_GPIO_WritePin
                0x08000cec       0x30 ./Drivers/STM32F3xx_HAL_Driver/Src/stm32f3xx_hal_gpio.o
                0x08000cec                HAL_GPIO_WritePin
 .text.HAL_GPIO_TogglePin
                0x08000d1c       0x34 ./Drivers/STM32F3xx_HAL_Driver/Src/stm32f3xx_hal_gpio.o
                0x08000d1c                HAL_GPIO_TogglePin
 .text.HAL_RCC_OscConfig
                0x08000d50     0x1048 ./Drivers/STM32F3xx_HAL_Driver/Src/stm32f3xx_hal_rcc.o
                0x08000d50                HAL_RCC_OscConfig
 .text.HAL_RCC_ClockConfig
                0x08001d98      0x2dc ./Drivers/STM32F3xx_HAL_Driver/Src/stm32f3xx_hal_rcc.o
                0x08001d98                HAL_RCC_ClockConfig
 .text.HAL_RCC_GetSysClockFreq
                0x08002074       0xa8 ./Drivers/STM32F3xx_HAL_Driver/Src/stm32f3xx_hal_rcc.o
                0x08002074                HAL_RCC_GetSysClockFreq
 .text.HAL_SPI_Init
                0x0800211c      0x156 ./Drivers/STM32F3xx_HAL_Driver/Src/stm32f3xx_hal_spi.o
                0x0800211c                HAL_SPI_Init
 .text.memset   0x08002272       0x10 /Applications/STM32CubeIDE.app/Contents/Eclipse/plugins/com.st.stm32cube.ide.mcu.externaltools.gnu-tools-for-stm32.13.3.rel1.macos64_1.0.100.202509120712/tools/bin/../lib/gcc/arm-none-eabi/13.3.1/../../../../arm-none-eabi/lib/thumb/v7e-m+fp/hard/libc_nano.a(libc_a-memset.o)
                0x08002272                memset
 *fill*         0x08002282        0x2 
 .text.__libc_init_array
                0x08002284       0x48 /Applications/STM32CubeIDE.app/Contents/Eclipse/plugins/com.st.stm32cube.ide.mcu.externaltools.gnu-tools-for-stm32.13.3.rel1.macos64_1.0.100.202509120712/tools/bin/../lib/gcc/arm-none-eabi/13.3.1/../../../../arm-none-eabi/lib/thumb/v7e-m+fp/hard/libc_nano.a(libc_a-init.o)
                0x08002284                __libc_init_array
 *(.glue_7)
 .glue_7        0x080022cc        0x0 linker stubs
 *(.glue_7t)
 .glue_7t       0x080022cc        0x0 linker stubs
 *(.eh_frame)
 .eh_frame      0x080022cc        0x0 /Applications/STM32CubeIDE.app/Contents/Eclipse/plugins/com.st.stm32cube.ide.mcu.externaltools.gnu-tools-for-stm32.13.3.rel1.macos64_1.0.100.202509120712/tools/bin/../lib/gcc/arm-none-eabi/13.3.1/thumb/v7e-m+fp/hard/crtbegin.o
 *(.init)
 .init          0x080022cc        0x4 /Applications/STM32CubeIDE.app/Contents/Eclipse/plugins/com.st.stm32cube.ide.mcu.externaltools.gnu-tools-for-stm32.13.3.rel1.macos64_1.0.100.202509120712/tools/bin/../lib/gcc/arm-none-eabi/13.3.1/thumb/v7e-m+fp/hard/crti.o
                0x080022cc                _init
 .init          0x080022d0        0x8 /Applications/STM32CubeIDE.app/Contents/Eclipse/plugins/com.st.stm32cube.ide.mcu.externaltools.gnu-tools-for-stm32.13.3.rel1.macos64_1.0.100.202509120712/tools/bin/../lib/gcc/arm-none-eabi/13.3.1/thumb/v7e-m+fp/hard/crtn.o
 *(.fini)
 .fini          0x080022d8        0x4 /Applications/STM32CubeIDE.app/Contents/Eclipse/plugins/com.st.stm32cube.ide.mcu.externaltools.gnu-tools-for-stm32.13.3.rel1.macos64_1.0.100.202509120712/tools/bin/../lib/gcc/arm-none-eabi/13.3.1/thumb/v7e-m+fp/hard/crti.o
                0x080022d8                _fini
 .fini          0x080022dc        0x8 /Applications/STM32CubeIDE.app/Contents/Eclipse/plugins/com.st.stm32cube.ide.mcu.externaltools.gnu-tools-for-stm32.13.3.rel1.macos64_1.0.100.202509120712/tools/bin/../lib/gcc/arm-none-eabi/13.3.1/thumb/v7e-m+fp/hard/crtn.o
                0x080022e4                        . = ALIGN (0x4)
                0x080022e4                        _etext = .

.vfp11_veneer   0x080022e4        0x0
 .vfp11_veneer  0x080022e4        0x0 linker stubs

.v4_bx          0x080022e4        0x0
 .v4_bx         0x080022e4        0x0 linker stubs

.iplt           0x080022e4        0x0
 .iplt          0x080022e4        0x0 /Applications/STM32CubeIDE.app/Contents/Eclipse/plugins/com.st.stm32cube.ide.mcu.externaltools.gnu-tools-for-stm32.13.3.rel1.macos64_1.0.100.202509120712/tools/bin/../lib/gcc/arm-none-eabi/13.3.1/thumb/v7e-m+fp/hard/crtbegin.o

.rodata         0x080022e4       0x30
                0x080022e4                        . = ALIGN (0x4)
 *(.rodata)
 *(.rodata*)
 .rodata.AHBPrescTable
                0x080022e4       0x10 ./Core/Src/system_stm32f3xx.o
                0x080022e4                AHBPrescTable
 .rodata.aPLLMULFactorTable
                0x080022f4       0x10 ./Drivers/STM32F3xx_HAL_Driver/Src/stm32f3xx_hal_rcc.o
 .rodata.aPredivFactorTable
                0x08002304       0x10 ./Drivers/STM32F3xx_HAL_Driver/Src/stm32f3xx_hal_rcc.o
                0x08002314                        . = ALIGN (0x4)

.ARM.extab      0x08002314        0x0
                0x08002314                        . = ALIGN (0x4)
 *(.ARM.extab* .gnu.linkonce.armextab.*)
                0x08002314                        . = ALIGN (0x4)

.ARM            0x08002314        0x0
                0x08002314                        . = ALIGN (0x4)
                0x08002314                        __exidx_start = .
 *(.ARM.exidx*)
                0x08002314                        __exidx_end = .
                0x08002314                        . = ALIGN (0x4)

.preinit_array  0x08002314        0x0
                0x08002314                        . = ALIGN (0x4)
                0x08002314                        PROVIDE (__preinit_array_start = .)
 *(.preinit_array*)
                0x08002314                        PROVIDE (__preinit_array_end = .)
                0x08002314                        . = ALIGN (0x4)

.init_array     0x08002314        0x4
                0x08002314                        . = ALIGN (0x4)
                0x08002314                        PROVIDE (__init_array_start = .)
 *(SORT_BY_NAME(.init_array.*))
 *(.init_array*)
 .init_array    0x08002314        0x4 /Applications/STM32CubeIDE.app/Contents/Eclipse/plugins/com.st.stm32cube.ide.mcu.externaltools.gnu-tools-for-stm32.13.3.rel1.macos64_1.0.100.202509120712/tools/bin/../lib/gcc/arm-none-eabi/13.3.1/thumb/v7e-m+fp/hard/crtbegin.o
                0x08002318                        PROVIDE (__init_array_end = .)
                0x08002318                        . = ALIGN (0x4)

.fini_array     0x08002318        0x4
                0x08002318                        . = ALIGN (0x4)
                [!provide]                        PROVIDE (__fini_array_start = .)
 *(SORT_BY_NAME(.fini_array.*))
 *(.fini_array*)
 .fini_array    0x08002318        0x4 /Applications/STM32CubeIDE.app/Contents/Eclipse/plugins/com.st.stm32cube.ide.mcu.externaltools.gnu-tools-for-stm32.13.3.rel1.macos64_1.0.100.202509120712/tools/bin/../lib/gcc/arm-none-eabi/13.3.1/thumb/v7e-m+fp/hard/crtbegin.o
                [!provide]                        PROVIDE (__fini_array_end = .)
                0x0800231c                        . = ALIGN (0x4)
                0x0800231c                        _sidata = LOADADDR (.data)

.rel.dyn        0x0800231c        0x0
 .rel.iplt      0x0800231c        0x0 /Applications/STM32CubeIDE.app/Contents/Eclipse/plugins/com.st.stm32cube.ide.mcu.externaltools.gnu-tools-for-stm32.13.3.rel1.macos64_1.0.100.202509120712/tools/bin/../lib/gcc/arm-none-eabi/13.3.1/thumb/v7e-m+fp/hard/crtbegin.o

.data           0x20000000        0xc load address 0x0800231c
                0x20000000                        . = ALIGN (0x4)
                0x20000000                        _sdata = .
 *(.data)
 *(.data*)
 .data.SystemCoreClock
                0x20000000        0x4 ./Core/Src/system_stm32f3xx.o
                0x20000000                SystemCoreClock
 .data.uwTickPrio
                0x20000004        0x4 ./Drivers/STM32F3xx_HAL_Driver/Src/stm32f3xx_hal.o
                0x20000004                uwTickPrio
 .data.uwTickFreq
                0x20000008        0x1 ./Drivers/STM32F3xx_HAL_Driver/Src/stm32f3xx_hal.o
                0x20000008                uwTickFreq
 *(.RamFunc)
 *(.RamFunc*)
                0x2000000c                        . = ALIGN (0x4)
 *fill*         0x20000009        0x3 
                0x2000000c                        _edata = .
                0x08002328                        _siccmram = LOADADDR (.ccmram)

.igot.plt       0x2000000c        0x0 load address 0x08002328
 .igot.plt      0x2000000c        0x0 /Applications/STM32CubeIDE.app/Contents/Eclipse/plugins/com.st.stm32cube.ide.mcu.externaltools.gnu-tools-for-stm32.13.3.rel1.macos64_1.0.100.202509120712/tools/bin/../lib/gcc/arm-none-eabi/13.3.1/thumb/v7e-m+fp/hard/crtbegin.o

.ccmram         0x10000000        0x0 load address 0x08002328
                0x10000000                        . = ALIGN (0x4)
                0x10000000                        _sccmram = .
 *(.ccmram)
 *(.ccmram*)
                0x10000000                        . = ALIGN (0x4)
                0x10000000                        _eccmram = .
                0x10000000                        . = ALIGN (0x4)

.bss            0x2000000c       0xe8
                0x2000000c                        _sbss = .
                0x2000000c                        __bss_start__ = _sbss
 *(.bss)
 .bss           0x2000000c       0x1c /Applications/STM32CubeIDE.app/Contents/Eclipse/plugins/com.st.stm32cube.ide.mcu.externaltools.gnu-tools-for-stm32.13.3.rel1.macos64_1.0.100.202509120712/tools/bin/../lib/gcc/arm-none-eabi/13.3.1/thumb/v7e-m+fp/hard/crtbegin.o
 *(.bss*)
 .bss.hspi1     0x20000028       0x64 ./Core/Src/main.o
                0x20000028                hspi1
 .bss.hspi2     0x2000008c       0x64 ./Core/Src/main.o
                0x2000008c                hspi2
 .bss.uwTick    0x200000f0        0x4 ./Drivers/STM32F3xx_HAL_Driver/Src/stm32f3xx_hal.o
                0x200000f0                uwTick
 *(COMMON)
                0x200000f4                        . = ALIGN (0x4)
                0x200000f4                        _ebss = .
                0x200000f4                        __bss_end__ = _ebss

._user_heap_stack
                0x200000f4      0x604
                0x200000f8                        . = ALIGN (0x8)
 *fill*         0x200000f4        0x4 
                [!provide]                        PROVIDE (end = .)
                0x200000f8                        PROVIDE (_end = .)
                0x200002f8                        . = (. + _Min_Heap_Size)
 *fill*         0x200000f8      0x200 
                0x200006f8                        . = (. + _Min_Stack_Size)
 *fill*         0x200002f8      0x400 
                0x200006f8                        . = ALIGN (0x8)

/DISCARD/
 libc.a(*)
 libm.a(*)
 libgcc.a(*)

.ARM.attributes
                0x00000000       0x30
 *(.ARM.attributes)
 .ARM.attributes
                0x00000000       0x22 /Applications/STM32CubeIDE.app/Contents/Eclipse/plugins/com.st.stm32cube.ide.mcu.externaltools.gnu-tools-for-stm32.13.3.rel1.macos64_1.0.100.202509120712/tools/bin/../lib/gcc/arm-none-eabi/13.3.1/thumb/v7e-m+fp/hard/crti.o
 .ARM.attributes
                0x00000022       0x34 /Applications/STM32CubeIDE.app/Contents/Eclipse/plugins/com.st.stm32cube.ide.mcu.externaltools.gnu-tools-for-stm32.13.3.rel1.macos64_1.0.100.202509120712/tools/bin/../lib/gcc/arm-none-eabi/13.3.1/thumb/v7e-m+fp/hard/crtbegin.o
 .ARM.attributes
                0x00000056       0x34 ./Core/Src/main.o
 .ARM.attributes
                0x0000008a       0x34 ./Core/Src/stm32f3xx_hal_msp.o
 .ARM.attributes
                0x000000be       0x34 ./Core/Src/stm32f3xx_it.o
 .ARM.attributes
                0x000000f2       0x34 ./Core/Src/system_stm32f3xx.o
 .ARM.attributes
                0x00000126       0x21 ./Core/Startup/startup_stm32f303retx.o
 .ARM.attributes
                0x00000147       0x34 ./Drivers/STM32F3xx_HAL_Driver/Src/stm32f3xx_hal.o
 .ARM.attributes
                0x0000017b       0x34 ./Drivers/STM32F3xx_HAL_Driver/Src/stm32f3xx_hal_cortex.o
 .ARM.attributes
                0x000001af       0x34 ./Drivers/STM32F3xx_HAL_Driver/Src/stm32f3xx_hal_gpio.o
 .ARM.attributes
                0x000001e3       0x34 ./Drivers/STM32F3xx_HAL_Driver/Src/stm32f3xx_hal_rcc.o
 .ARM.attributes
                0x00000217       0x34 ./Drivers/STM32F3xx_HAL_Driver/Src/stm32f3xx_hal_spi.o
 .ARM.attributes
                0x0000024b       0x34 /Applications/STM32CubeIDE.app/Contents/Eclipse/plugins/com.st.stm32cube.ide.mcu.externaltools.gnu-tools-for-stm32.13.3.rel1.macos64_1.0.100.202509120712/tools/bin/../lib/gcc/arm-none-eabi/13.3.1/../../../../arm-none-eabi/lib/thumb/v7e-m+fp/hard/libc_nano.a(libc_a-memset.o)
 .ARM.attributes
                0x0000027f       0x34 /Applications/STM32CubeIDE.app/Contents/Eclipse/plugins/com.st.stm32cube.ide.mcu.externaltools.gnu-tools-for-stm32.13.3.rel1.macos64_1.0.100.202509120712/tools/bin/../lib/gcc/arm-none-eabi/13.3.1/../../../../arm-none-eabi/lib/thumb/v7e-m+fp/hard/libc_nano.a(libc_a-init.o)
 .ARM.attributes
                0x000002b3       0x22 /Applications/STM32CubeIDE.app/Contents/Eclipse/plugins/com.st.stm32cube.ide.mcu.externaltools.gnu-tools-for-stm32.13.3.rel1.macos64_1.0.100.202509120712/tools/bin/../lib/gcc/arm-none-eabi/13.3.1/thumb/v7e-m+fp/hard/crtn.o
OUTPUT(Env_Test_Logger.elf elf32-littlearm)
LOAD linker stubs
LOAD /Applications/STM32CubeIDE.app/Contents/Eclipse/plugins/com.st.stm32cube.ide.mcu.externaltools.gnu-tools-for-stm32.13.3.rel1.macos64_1.0.100.202509120712/tools/bin/../lib/gcc/arm-none-eabi/13.3.1/../../../../arm-none-eabi/lib/thumb/v7e-m+fp/hard/libc.a
LOAD /Applications/STM32CubeIDE.app/Contents/Eclipse/plugins/com.st.stm32cube.ide.mcu.externaltools.gnu-tools-for-stm32.13.3.rel1.macos64_1.0.100.202509120712/tools/bin/../lib/gcc/arm-none-eabi/13.3.1/../../../../arm-none-eabi/lib/thumb/v7e-m+fp/hard/libm.a
LOAD /Applications/STM32CubeIDE.app/Contents/Eclipse/plugins/com.st.stm32cube.ide.mcu.externaltools.gnu-tools-for-stm32.13.3.rel1.macos64_1.0.100.202509120712/tools/bin/../lib/gcc/arm-none-eabi/13.3.1/thumb/v7e-m+fp/hard/libgcc.a

.debug_info     0x00000000     0x6036
 .debug_info    0x00000000      0xbce ./Core/Src/main.o
 .debug_info    0x00000bce      0x896 ./Core/Src/stm32f3xx_hal_msp.o
 .debug_info    0x00001464      0x121 ./Core/Src/stm32f3xx_it.o
 .debug_info    0x00001585      0x407 ./Core/Src/system_stm32f3xx.o
 .debug_info    0x0000198c       0x30 ./Core/Startup/startup_stm32f303retx.o
 .debug_info    0x000019bc      0x804 ./Drivers/STM32F3xx_HAL_Driver/Src/stm32f3xx_hal.o
 .debug_info    0x000021c0      0xd14 ./Drivers/STM32F3xx_HAL_Driver/Src/stm32f3xx_hal_cortex.o
 .debug_info    0x00002ed4      0x6a6 ./Drivers/STM32F3xx_HAL_Driver/Src/stm32f3xx_hal_gpio.o
 .debug_info    0x0000357a     0x149a ./Drivers/STM32F3xx_HAL_Driver/Src/stm32f3xx_hal_rcc.o
 .debug_info    0x00004a14     0x1622 ./Drivers/STM32F3xx_HAL_Driver/Src/stm32f3xx_hal_spi.o

.debug_abbrev   0x00000000     0x125c
 .debug_abbrev  0x00000000      0x2a2 ./Core/Src/main.o
 .debug_abbrev  0x000002a2      0x1a3 ./Core/Src/stm32f3xx_hal_msp.o
 .debug_abbrev  0x00000445       0x73 ./Core/Src/stm32f3xx_it.o
 .debug_abbrev  0x000004b8      0x11a ./Core/Src/system_stm32f3xx.o
 .debug_abbrev  0x000005d2       0x24 ./Core/Startup/startup_stm32f303retx.o
 .debug_abbrev  0x000005f6      0x215 ./Drivers/STM32F3xx_HAL_Driver/Src/stm32f3xx_hal.o
 .debug_abbrev  0x0000080b      0x31e ./Drivers/STM32F3xx_HAL_Driver/Src/stm32f3xx_hal_cortex.o
 .debug_abbrev  0x00000b29      0x1ca ./Drivers/STM32F3xx_HAL_Driver/Src/stm32f3xx_hal_gpio.o
 .debug_abbrev  0x00000cf3      0x300 ./Drivers/STM32F3xx_HAL_Driver/Src/stm32f3xx_hal_rcc.o
 .debug_abbrev  0x00000ff3      0x269 ./Drivers/STM32F3xx_HAL_Driver/Src/stm32f3xx_hal_spi.o

.debug_aranges  0x00000000      0x600
 .debug_aranges
                0x00000000       0x60 ./Core/Src/main.o
 .debug_aranges
                0x00000060       0x30 ./Core/Src/stm32f3xx_hal_msp.o
 .debug_aranges
                0x00000090       0x60 ./Core/Src/stm32f3xx_it.o
 .debug_aranges
                0x000000f0       0x28 ./Core/Src/system_stm32f3xx.o
 .debug_aranges
                0x00000118       0x28 ./Core/Startup/startup_stm32f303retx.o
 .debug_aranges
                0x00000140       0xe0 ./Drivers/STM32F3xx_HAL_Driver/Src/stm32f3xx_hal.o
 .debug_aranges
                0x00000220      0x128 ./Drivers/STM32F3xx_HAL_Driver/Src/stm32f3xx_hal_cortex.o
 .debug_aranges
                0x00000348       0x58 ./Drivers/STM32F3xx_HAL_Driver/Src/stm32f3xx_hal_gpio.o
 .debug_aranges
                0x000003a0       0x88 ./Drivers/STM32F3xx_HAL_Driver/Src/stm32f3xx_hal_rcc.o
 .debug_aranges
                0x00000428      0x1d8 ./Drivers/STM32F3xx_HAL_Driver/Src/stm32f3xx_hal_spi.o

.debug_rnglists
                0x00000000      0x475
 .debug_rnglists
                0x00000000       0x45 ./Core/Src/main.o
 .debug_rnglists
                0x00000045       0x20 ./Core/Src/stm32f3xx_hal_msp.o
 .debug_rnglists
                0x00000065       0x43 ./Core/Src/stm32f3xx_it.o
 .debug_rnglists
                0x000000a8       0x1a ./Core/Src/system_stm32f3xx.o
 .debug_rnglists
                0x000000c2       0x19 ./Core/Startup/startup_stm32f303retx.o
 .debug_rnglists
                0x000000db       0xa3 ./Drivers/STM32F3xx_HAL_Driver/Src/stm32f3xx_hal.o
 .debug_rnglists
                0x0000017e       0xda ./Drivers/STM32F3xx_HAL_Driver/Src/stm32f3xx_hal_cortex.o
 .debug_rnglists
                0x00000258       0x3f ./Drivers/STM32F3xx_HAL_Driver/Src/stm32f3xx_hal_gpio.o
 .debug_rnglists
                0x00000297       0x66 ./Drivers/STM32F3xx_HAL_Driver/Src/stm32f3xx_hal_rcc.o
 .debug_rnglists
                0x000002fd      0x178 ./Drivers/STM32F3xx_HAL_Driver/Src/stm32f3xx_hal_spi.o

.debug_macro    0x00000000    0x1f554
 .debug_macro   0x00000000      0x2f2 ./Core/Src/main.o
 .debug_macro   0x000002f2      0xad8 ./Core/Src/main.o
 .debug_macro   0x00000dca      0x158 ./Core/Src/main.o
 .debug_macro   0x00000f22       0x2e ./Core/Src/main.o
 .debug_macro   0x00000f50       0x28 ./Core/Src/main.o
 .debug_macro   0x00000f78       0x22 ./Core/Src/main.o
 .debug_macro   0x00000f9a       0x8e ./Core/Src/main.o
 .debug_macro   0x00001028       0x51 ./Core/Src/main.o
 .debug_macro   0x00001079      0x103 ./Core/Src/main.o
 .debug_macro   0x0000117c       0x6a ./Core/Src/main.o
 .debug_macro   0x000011e6      0x1df ./Core/Src/main.o
 .debug_macro   0x000013c5       0x1c ./Core/Src/main.o
 .debug_macro   0x000013e1       0x22 ./Core/Src/main.o
 .debug_macro   0x00001403       0xd9 ./Core/Src/main.o
 .debug_macro   0x000014dc     0x102d ./Core/Src/main.o
 .debug_macro   0x00002509      0x11f ./Core/Src/main.o
 .debug_macro   0x00002628    0x1535a ./Core/Src/main.o
 .debug_macro   0x00017982       0x6d ./Core/Src/main.o
 .debug_macro   0x000179ef     0x3574 ./Core/Src/main.o
 .debug_macro   0x0001af63      0x190 ./Core/Src/main.o
 .debug_macro   0x0001b0f3       0x55 ./Core/Src/main.o
 .debug_macro   0x0001b148      0x953 ./Core/Src/main.o
 .debug_macro   0x0001ba9b      0x84a ./Core/Src/main.o
 .debug_macro   0x0001c2e5      0x1b5 ./Core/Src/main.o
 .debug_macro   0x0001c49a      0x23a ./Core/Src/main.o
 .debug_macro   0x0001c6d4      0x1ea ./Core/Src/main.o
 .debug_macro   0x0001c8be      0x1bc ./Core/Src/main.o
 .debug_macro   0x0001ca7a       0x30 ./Core/Src/main.o
 .debug_macro   0x0001caaa       0x3c ./Core/Src/main.o
 .debug_macro   0x0001cae6      0x235 ./Core/Src/main.o
 .debug_macro   0x0001cd1b       0xc5 ./Core/Src/main.o
 .debug_macro   0x0001cde0      0x21d ./Core/Src/main.o
 .debug_macro   0x0001cffd      0x22c ./Core/Src/main.o
 .debug_macro   0x0001d229       0x5b ./Core/Src/main.o
 .debug_macro   0x0001d284       0xa5 ./Core/Src/main.o
 .debug_macro   0x0001d329       0x81 ./Core/Src/main.o
 .debug_macro   0x0001d3aa       0xd3 ./Core/Src/main.o
 .debug_macro   0x0001d47d      0x2fe ./Core/Src/main.o
 .debug_macro   0x0001d77b      0x347 ./Core/Src/main.o
 .debug_macro   0x0001dac2       0x61 ./Core/Src/main.o
 .debug_macro   0x0001db23       0x2a ./Core/Src/main.o
 .debug_macro   0x0001db4d       0x43 ./Core/Src/main.o
 .debug_macro   0x0001db90       0x34 ./Core/Src/main.o
 .debug_macro   0x0001dbc4       0x16 ./Core/Src/main.o
 .debug_macro   0x0001dbda       0x3c ./Core/Src/main.o
 .debug_macro   0x0001dc16      0x370 ./Core/Src/main.o
 .debug_macro   0x0001df86       0x10 ./Core/Src/main.o
 .debug_macro   0x0001df96       0x16 ./Core/Src/main.o
 .debug_macro   0x0001dfac       0x4a ./Core/Src/main.o
 .debug_macro   0x0001dff6       0x34 ./Core/Src/main.o
 .debug_macro   0x0001e02a       0x10 ./Core/Src/main.o
 .debug_macro   0x0001e03a       0x58 ./Core/Src/main.o
 .debug_macro   0x0001e092       0x8e ./Core/Src/main.o
 .debug_macro   0x0001e120       0x1c ./Core/Src/main.o
 .debug_macro   0x0001e13c      0x185 ./Core/Src/main.o
 .debug_macro   0x0001e2c1       0x16 ./Core/Src/main.o
 .debug_macro   0x0001e2d7       0x16 ./Core/Src/main.o
 .debug_macro   0x0001e2ed      0x146 ./Core/Src/main.o
 .debug_macro   0x0001e433       0x10 ./Core/Src/main.o
 .debug_macro   0x0001e443       0x5e ./Core/Src/main.o
 .debug_macro   0x0001e4a1       0x16 ./Core/Src/main.o
 .debug_macro   0x0001e4b7       0x20 ./Core/Src/main.o
 .debug_macro   0x0001e4d7      0x2c2 ./Core/Src/stm32f3xx_hal_msp.o
 .debug_macro   0x0001e799      0x2cc ./Core/Src/stm32f3xx_it.o
 .debug_macro   0x0001ea65      0x1c4 ./Core/Src/system_stm32f3xx.o
 .debug_macro   0x0001ec29      0x1e8 ./Drivers/STM32F3xx_HAL_Driver/Src/stm32f3xx_hal.o
 .debug_macro   0x0001ee11      0x1c4 ./Drivers/STM32F3xx_HAL_Driver/Src/stm32f3xx_hal_cortex.o
 .debug_macro   0x0001efd5      0x1cb ./Drivers/STM32F3xx_HAL_Driver/Src/stm32f3xx_hal_gpio.o
 .debug_macro   0x0001f1a0      0x1e8 ./Drivers/STM32F3xx_HAL_Driver/Src/stm32f3xx_hal_rcc.o
 .debug_macro   0x0001f388      0x1cc ./Drivers/STM32F3xx_HAL_Driver/Src/stm32f3xx_hal_spi.o

.debug_line     0x00000000     0x79e4
 .debug_line    0x00000000      0xa32 ./Core/Src/main.o
 .debug_line    0x00000a32      0x8d3 ./Core/Src/stm32f3xx_hal_msp.o
 .debug_line    0x00001305      0x8f0 ./Core/Src/stm32f3xx_it.o
 .debug_line    0x00001bf5      0x75a ./Core/Src/system_stm32f3xx.o
 .debug_line    0x0000234f       0x7a ./Core/Startup/startup_stm32f303retx.o
 .debug_line    0x000023c9      0x991 ./Drivers/STM32F3xx_HAL_Driver/Src/stm32f3xx_hal.o
 .debug_line    0x00002d5a      0xc5c ./Drivers/STM32F3xx_HAL_Driver/Src/stm32f3xx_hal_cortex.o
 .debug_line    0x000039b6      0xb04 ./Drivers/STM32F3xx_HAL_Driver/Src/stm32f3xx_hal_gpio.o
 .debug_line    0x000044ba     0x1508 ./Drivers/STM32F3xx_HAL_Driver/Src/stm32f3xx_hal_rcc.o
 .debug_line    0x000059c2     0x2022 ./Drivers/STM32F3xx_HAL_Driver/Src/stm32f3xx_hal_spi.o

.debug_str      0x00000000    0xbd087
 .debug_str     0x00000000    0xbd087 ./Core/Src/main.o
                              0xbc073 (size before relaxing)
 .debug_str     0x000bd087        0x0 ./Core/Src/stm32f3xx_hal_msp.o
                              0xbbdcf (size before relaxing)
 .debug_str     0x000bd087        0x0 ./Core/Src/stm32f3xx_it.o
                              0xbb940 (size before relaxing)
 .debug_str     0x000bd087        0x0 ./Core/Src/system_stm32f3xx.o
                              0xb7fcd (size before relaxing)
 .debug_str     0x000bd087        0x0 ./Core/Startup/startup_stm32f303retx.o
                                 0x77 (size before relaxing)
 .debug_str     0x000bd087        0x0 ./Drivers/STM32F3xx_HAL_Driver/Src/stm32f3xx_hal.o
                              0xb8876 (size before relaxing)
 .debug_str     0x000bd087        0x0 ./Drivers/STM32F3xx_HAL_Driver/Src/stm32f3xx_hal_cortex.o
                              0xb88fa (size before relaxing)
 .debug_str     0x000bd087        0x0 ./Drivers/STM32F3xx_HAL_Driver/Src/stm32f3xx_hal_gpio.o
                              0xb81b2 (size before relaxing)
 .debug_str     0x000bd087        0x0 ./Drivers/STM32F3xx_HAL_Driver/Src/stm32f3xx_hal_rcc.o
                              0xb8471 (size before relaxing)
 .debug_str     0x000bd087        0x0 ./Drivers/STM32F3xx_HAL_Driver/Src/stm32f3xx_hal_spi.o
                              0xb88f3 (size before relaxing)

.comment        0x00000000       0x43
 .comment       0x00000000       0x43 ./Core/Src/main.o
                                 0x44 (size before relaxing)
 .comment       0x00000043        0x0 ./Core/Src/stm32f3xx_hal_msp.o
                                 0x44 (size before relaxing)
 .comment       0x00000043        0x0 ./Core/Src/stm32f3xx_it.o
                                 0x44 (size before relaxing)
 .comment       0x00000043        0x0 ./Core/Src/system_stm32f3xx.o
                                 0x44 (size before relaxing)
 .comment       0x00000043        0x0 ./Drivers/STM32F3xx_HAL_Driver/Src/stm32f3xx_hal.o
                                 0x44 (size before relaxing)
 .comment       0x00000043        0x0 ./Drivers/STM32F3xx_HAL_Driver/Src/stm32f3xx_hal_cortex.o
                                 0x44 (size before relaxing)
 .comment       0x00000043        0x0 ./Drivers/STM32F3xx_HAL_Driver/Src/stm32f3xx_hal_gpio.o
                                 0x44 (size before relaxing)
 .comment       0x00000043        0x0 ./Drivers/STM32F3xx_HAL_Driver/Src/stm32f3xx_hal_rcc.o
                                 0x44 (size before relaxing)
 .comment       0x00000043        0x0 ./Drivers/STM32F3xx_HAL_Driver/Src/stm32f3xx_hal_spi.o
                                 0x44 (size before relaxing)

.debug_frame    0x00000000     0x1738
 .debug_frame   0x00000000      0x138 ./Core/Src/main.o
 .debug_frame   0x00000138       0x7c ./Core/Src/stm32f3xx_hal_msp.o
 .debug_frame   0x000001b4      0x104 ./Core/Src/stm32f3xx_it.o
 .debug_frame   0x000002b8       0x58 ./Core/Src/system_stm32f3xx.o
 .debug_frame   0x00000310      0x334 ./Drivers/STM32F3xx_HAL_Driver/Src/stm32f3xx_hal.o
 .debug_frame   0x00000644      0x4e8 ./Drivers/STM32F3xx_HAL_Driver/Src/stm32f3xx_hal_cortex.o
 .debug_frame   0x00000b2c      0x14c ./Drivers/STM32F3xx_HAL_Driver/Src/stm32f3xx_hal_gpio.o
 .debug_frame   0x00000c78      0x214 ./Drivers/STM32F3xx_HAL_Driver/Src/stm32f3xx_hal_rcc.o
 .debug_frame   0x00000e8c      0x860 ./Drivers/STM32F3xx_HAL_Driver/Src/stm32f3xx_hal_spi.o
 .debug_frame   0x000016ec       0x20 /Applications/STM32CubeIDE.app/Contents/Eclipse/plugins/com.st.stm32cube.ide.mcu.externaltools.gnu-tools-for-stm32.13.3.rel1.macos64_1.0.100.202509120712/tools/bin/../lib/gcc/arm-none-eabi/13.3.1/../../../../arm-none-eabi/lib/thumb/v7e-m+fp/hard/libc_nano.a(libc_a-memset.o)
 .debug_frame   0x0000170c       0x2c /Applications/STM32CubeIDE.app/Contents/Eclipse/plugins/com.st.stm32cube.ide.mcu.externaltools.gnu-tools-for-stm32.13.3.rel1.macos64_1.0.100.202509120712/tools/bin/../lib/gcc/arm-none-eabi/13.3.1/../../../../arm-none-eabi/lib/thumb/v7e-m+fp/hard/libc_nano.a(libc_a-init.o)

.debug_line_str
                0x00000000       0x5b
 .debug_line_str
                0x00000000       0x5b ./Core/Startup/startup_stm32f303retx.o
